// Jest Snapshot v1, https://goo.gl/fbAQLP

exports[`matches snapshot 1`] = `
<div>
  <div
    class="App"
  >
    <div
      class="headerContainer"
    >
      <b>
        Github Search
      </b>
    </div>
    <div
      class="search-container"
    >
      <input
        class="search-input"
        placeholder="Search..."
        type="search"
        value=""
      />
    </div>
    <div
      class="control-div"
    />
    <div
      class="users-list-container"
      data-testid="users-list"
    >
      <div
        class="message"
      >
        Please enter a search query
      </div>
    </div>
  </div>
</div>
`;
