// Jest Snapshot v1, https://goo.gl/fbAQLP

exports[`ListControls simple test matches snapshot 1`] = `
<div>
  <div
    class="control-div"
  >
    <div
      class="edit-mode-toggle"
    >
      <label
        class="switch"
      >
        <input
          checked=""
          type="checkbox"
        />
        <span
          class="slider round"
        />
      </label>
      <span>
        Edit Mode
         
      </span>
    </div>
  </div>
</div>
`;
